// Jest Snapshot v1, https://goo.gl/fbAQLP

exports[`throws error on invalid matcher: "__proto__" 1`] = `"Unrecognized ACL matcher \\"__proto__\\""`;

exports[`throws error on invalid matcher: "bad" 1`] = `"Unrecognized ACL matcher \\"bad\\""`;
